{
  "irrelevantDate": "<date>",
  "irrelevantGuid": "<GUID>",
  "irrelevantString": "Irrelevant string"
}